{
  "name": "rule",
  "description": "A command to identify a filtering rule",
  "examples": [],
  "flags": [
    {
      "kind": "Switch",
      "optionality": "optional",
      "long": "--help",
      "short": null,
      "description": "display usage information",
      "hidden": false
    },
    {
      "kind": {
        "Option": {
          "arg_name": "namespace"
        }
      },
      "optionality": "required",
      "long": "--namespace",
      "short": null,
      "description": "the namespace that contains the rule",
      "hidden": false
    },
    {
      "kind": {
        "Option": {
          "arg_name": "routine"
        }
      },
      "optionality": "required",
      "long": "--routine",
      "short": null,
      "description": "the routine that contains the rule",
      "hidden": false
    },
    {
      "kind": {
        "Option": {
          "arg_name": "index"
        }
      },
      "optionality": "required",
      "long": "--index",
      "short": null,
      "description": "the index of the rule",
      "hidden": false
    }
  ],
  "notes": [],
  "commands": [],
  "positionals": [],
  "error_codes": []
}